[0m23:38:03.173338 [debug] [MainThread]: Sending event: {'category': 'dbt', 'action': 'invocation', 'label': 'start', 'context': [<snowplow_tracker.self_describing_json.SelfDescribingJson object at 0x106096a10>, <snowplow_tracker.self_describing_json.SelfDescribingJson object at 0x106096850>, <snowplow_tracker.self_describing_json.SelfDescribingJson object at 0x106105a50>]}


============================== 23:38:03.175198 | 4a5f7c49-9ced-401c-97a2-3264e5a57efd ==============================
[0m23:38:03.175198 [info ] [MainThread]: Running with dbt=1.12.2
[0m23:38:03.175426 [debug] [MainThread]: running dbt with arguments {'log_cache_events': 'False', 'fail_fast': 'False', 'quiet': 'False', 'use_colors': 'True', 'target_path': 'None', 'partial_parse': 'True', 'invocation_command': 'dbt init retail_dbt', 'maximum_seed_size_mib': '1', 'log_format': 'default', 'version_check': 'True', 'log_path': 'logs', 'no_print': 'None', 'warn_error_options': 'WarnErrorOptionsV2(error=[], warn=[], silence=[])', 'profiles_dir': '/Users/tofag/.dbt', 'introspect': 'True', 'write_json': 'True', 'debug': 'False', 'use_experimental_parser': 'False', 'static_parser': 'True', 'cache_selected_only': 'False', 'send_anonymous_usage_stats': 'True', 'printer_width': '80', 'warn_error': 'None', 'hints_enabled': 'True', 'empty': 'None', 'indirect_selection': 'eager'}
[0m23:38:03.182581 [debug] [MainThread]: Starter project path: /Users/tofag/Documents/Documents/Projects/Real_Time_Retail_Intelligence/.venv/lib/python3.11/site-packages/dbt/include/starter_project
[0m23:38:03.185992 [info ] [MainThread]: Setting up your profile.
[0m23:41:17.866356 [info ] [MainThread]: Profile retail_dbt written to /Users/tofag/.dbt/profiles.yml using target's profile_template.yml and your supplied values.
[0m23:41:17.869329 [info ] [MainThread]: Running dbt debug to validate the project...
[0m23:41:17.870049 [info ] [MainThread]: dbt version: 1.12.2
[0m23:41:17.870959 [info ] [MainThread]: python version: 3.11.5
[0m23:41:17.871163 [info ] [MainThread]: python path: /Users/tofag/Documents/Documents/Projects/Real_Time_Retail_Intelligence/.venv/bin/python3.11
[0m23:41:17.871377 [info ] [MainThread]: os info: macOS-26.1-arm64-arm-64bit
[0m23:41:17.902025 [info ] [MainThread]: Using profiles dir at /Users/tofag/.dbt
[0m23:41:17.902324 [info ] [MainThread]: Using profiles.yml file at /Users/tofag/.dbt/profiles.yml
[0m23:41:17.902480 [info ] [MainThread]: Using dbt_project.yml file at /Users/tofag/Documents/Documents/Projects/Real_Time_Retail_Intelligence/retail-data-platform/retail_dbt/dbt_project.yml
[0m23:41:17.902992 [info ] [MainThread]: adapter type: athena
[0m23:41:17.903204 [info ] [MainThread]: adapter version: 1.11.0
[0m23:41:17.941009 [info ] [MainThread]: Configuration:
[0m23:41:17.941215 [info ] [MainThread]:   profiles.yml file [[32mOK found and valid[0m]
[0m23:41:17.941314 [info ] [MainThread]:   dbt_project.yml file [[32mOK found and valid[0m]
[0m23:41:17.941404 [info ] [MainThread]: Required dependencies:
[0m23:41:17.941537 [debug] [MainThread]: Executing "git --help"
[0m23:41:17.962000 [debug] [MainThread]: STDOUT: "b"usage: git [-v | --version] [-h | --help] [-C <path>] [-c <name>=<value>]\n           [--exec-path[=<path>]] [--html-path] [--man-path] [--info-path]\n           [-p | --paginate | -P | --no-pager] [--no-replace-objects] [--no-lazy-fetch]\n           [--no-optional-locks] [--no-advice] [--bare] [--git-dir=<path>]\n           [--work-tree=<path>] [--namespace=<name>] [--config-env=<name>=<envvar>]\n           <command> [<args>]\n\nThese are common Git commands used in various situations:\n\nstart a working area (see also: git help tutorial)\n   clone      Clone a repository into a new directory\n   init       Create an empty Git repository or reinitialize an existing one\n\nwork on the current change (see also: git help everyday)\n   add        Add file contents to the index\n   mv         Move or rename a file, a directory, or a symlink\n   restore    Restore working tree files\n   rm         Remove files from the working tree and from the index\n\nexamine the history and state (see also: git help revisions)\n   bisect     Use binary search to find the commit that introduced a bug\n   diff       Show changes between commits, commit and working tree, etc\n   grep       Print lines matching a pattern\n   log        Show commit logs\n   show       Show various types of objects\n   status     Show the working tree status\n\ngrow, mark and tweak your common history\n   backfill   Download missing objects in a partial clone\n   branch     List, create, or delete branches\n   commit     Record changes to the repository\n   merge      Join two or more development histories together\n   rebase     Reapply commits on top of another base tip\n   reset      Reset current HEAD to the specified state\n   switch     Switch branches\n   tag        Create, list, delete or verify a tag object signed with GPG\n\ncollaborate (see also: git help workflows)\n   fetch      Download objects and refs from another repository\n   pull       Fetch from and integrate with another repository or a local branch\n   push       Update remote refs along with associated objects\n\n'git help -a' and 'git help -g' list available subcommands and some\nconcept guides. See 'git help <command>' or 'git help <concept>'\nto read about a specific subcommand or concept.\nSee 'git help git' for an overview of the system.\n""
[0m23:41:17.962415 [debug] [MainThread]: STDERR: "b''"
[0m23:41:17.962544 [info ] [MainThread]:  - git [[32mOK found[0m]

[0m23:41:17.962663 [info ] [MainThread]: Connection:
[0m23:41:17.962790 [info ] [MainThread]:   assume_role_arn: None
[0m23:41:17.962876 [info ] [MainThread]:   assume_role_duration_seconds: 3600
[0m23:41:17.962955 [info ] [MainThread]:   assume_role_external_id: None
[0m23:41:17.963029 [info ] [MainThread]:   assume_role_session_name: dbt-athena
[0m23:41:17.963102 [info ] [MainThread]:   aws_access_key_id: None
[0m23:41:17.963176 [info ] [MainThread]:   aws_profile_name: None
[0m23:41:17.963246 [info ] [MainThread]:   connection_manager: api
[0m23:41:17.963320 [info ] [MainThread]:   database: awsdatacatalog
[0m23:41:17.963392 [info ] [MainThread]:   debug_query_state: False
[0m23:41:17.963466 [info ] [MainThread]:   endpoint_url: None
[0m23:41:17.963538 [info ] [MainThread]:   lf_tags_database: None
[0m23:41:17.963608 [info ] [MainThread]:   num_boto3_retries: None
[0m23:41:17.963677 [info ] [MainThread]:   num_iceberg_retries: 3
[0m23:41:17.963746 [info ] [MainThread]:   num_retries: 5
[0m23:41:17.963819 [info ] [MainThread]:   poll_interval: 1.0
[0m23:41:17.963889 [info ] [MainThread]:   region_name: us-east-1
[0m23:41:17.963958 [info ] [MainThread]:   s3_data_dir: s3://retail-platform-dev-data-lake-964291633100/dbt/
[0m23:41:17.964031 [info ] [MainThread]:   s3_data_naming: schema_table_unique
[0m23:41:17.964100 [info ] [MainThread]:   s3_staging_dir: s3://retail-platform-dev-data-lake-964291633100/athena-results/
[0m23:41:17.964172 [info ] [MainThread]:   s3_tmp_table_dir: None
[0m23:41:17.964241 [info ] [MainThread]:   schema: retail_platform_dev_analytics
[0m23:41:17.964310 [info ] [MainThread]:   seed_s3_upload_args: None
[0m23:41:17.964378 [info ] [MainThread]:   skip_workgroup_check: False
[0m23:41:17.964447 [info ] [MainThread]:   spark_work_group: None
[0m23:41:17.964514 [info ] [MainThread]:   work_group: None
[0m23:41:17.964745 [info ] [MainThread]: Registered adapter: athena=1.11.0
[0m23:41:18.008597 [debug] [MainThread]: Acquiring new athena connection 'debug'
[0m23:41:18.008889 [debug] [MainThread]: Using athena connection "debug"
[0m23:41:18.008986 [debug] [MainThread]: On debug: select 1 as id
[0m23:41:18.009067 [debug] [MainThread]: Opening a new connection, currently in state init
[0m23:41:18.279308 [debug] [MainThread]: dbt.adapters.athena.constants adapter: Execute: select 1 as id
[0m23:41:19.223289 [debug] [MainThread]: dbt.adapters.athena.constants adapter: Athena query 0e95ed42-c21c-4c7c-995f-db29c7b3c99f started
[0m23:41:19.489844 [debug] [MainThread]: dbt.adapters.athena.constants adapter: Athena query 0e95ed42-c21c-4c7c-995f-db29c7b3c99f has state RUNNING
[0m23:41:20.776553 [debug] [MainThread]: dbt.adapters.athena.constants adapter: Athena query 0e95ed42-c21c-4c7c-995f-db29c7b3c99f has state SUCCEEDED
[0m23:41:21.118308 [debug] [MainThread]: SQL status: OK 0 in 3.109 seconds
[0m23:41:21.120192 [debug] [MainThread]: On debug: No close available on handle
[0m23:41:21.120559 [info ] [MainThread]:   Connection test: [[32mOK connection ok[0m]

[0m23:41:21.120900 [info ] [MainThread]: [32mAll checks passed![0m
[0m23:41:21.121375 [info ] [MainThread]: Your new dbt project "retail_dbt" was created!
Initialized new project in /Users/tofag/Documents/Documents/Projects/Real_Time_Retail_Intelligence/retail-data-platform/retail_dbt/retail_dbt

For more information on how to configure the profiles.yml file,
please consult the dbt documentation here:

  https://docs.getdbt.com/docs/configure-your-profile

One more thing:

Need help? Don't hesitate to reach out to us via GitHub issues or on Slack:

  https://community.getdbt.com/

Happy modeling!

[0m23:41:21.140687 [debug] [MainThread]: Resource report: {"command_name": "init", "command_success": true, "command_wall_clock_time": 197.99893, "process_in_blocks": "0", "process_kernel_time": 0.191589, "process_mem_max_rss": "170754048", "process_out_blocks": "0", "process_user_time": 0.760048}
[0m23:41:21.141306 [debug] [MainThread]: Command `dbt init` succeeded at 23:41:21.141186 after 198.00 seconds
[0m23:41:21.141638 [debug] [MainThread]: Connection 'debug' was properly closed.
[0m23:41:21.143626 [debug] [MainThread]: Sending event: {'category': 'dbt', 'action': 'invocation', 'label': 'end', 'context': [<snowplow_tracker.self_describing_json.SelfDescribingJson object at 0x1076b4ed0>, <snowplow_tracker.self_describing_json.SelfDescribingJson object at 0x10c802190>, <snowplow_tracker.self_describing_json.SelfDescribingJson object at 0x107518b10>]}
[0m23:41:21.144025 [debug] [MainThread]: Flushing usage events
[0m23:41:23.290884 [debug] [MainThread]: An error was encountered while trying to flush usage events
[0m21:20:22.549327 [debug] [MainThread]: Sending event: {'category': 'dbt', 'action': 'invocation', 'label': 'start', 'context': [<snowplow_tracker.self_describing_json.SelfDescribingJson object at 0x1109462d0>, <snowplow_tracker.self_describing_json.SelfDescribingJson object at 0x110a9c450>, <snowplow_tracker.self_describing_json.SelfDescribingJson object at 0x110aa6410>]}


============================== 21:20:22.551274 | c3365540-ae2d-4805-8be3-7f1969b1c98f ==============================
[0m21:20:22.551274 [info ] [MainThread]: Running with dbt=1.12.2
[0m21:20:22.551502 [debug] [MainThread]: running dbt with arguments {'version_check': 'True', 'log_cache_events': 'False', 'debug': 'False', 'indirect_selection': 'eager', 'write_json': 'True', 'introspect': 'True', 'warn_error': 'None', 'cache_selected_only': 'False', 'no_print': 'None', 'hints_enabled': 'True', 'invocation_command': 'dbt debug', 'send_anonymous_usage_stats': 'True', 'profiles_dir': '/Users/tofag/.dbt', 'fail_fast': 'False', 'use_experimental_parser': 'False', 'maximum_seed_size_mib': '1', 'partial_parse': 'True', 'use_colors': 'True', 'warn_error_options': 'WarnErrorOptionsV2(error=[], warn=[], silence=[])', 'quiet': 'False', 'log_path': 'logs', 'printer_width': '80', 'static_parser': 'True', 'target_path': 'None', 'empty': 'None', 'log_format': 'default'}
[0m21:20:22.558542 [info ] [MainThread]: dbt version: 1.12.2
[0m21:20:22.558679 [info ] [MainThread]: python version: 3.11.5
[0m21:20:22.558785 [info ] [MainThread]: python path: /Users/tofag/Documents/Documents/Projects/Real_Time_Retail_Intelligence/.venv/bin/python3.11
[0m21:20:22.558874 [info ] [MainThread]: os info: macOS-26.1-arm64-arm-64bit
[0m21:20:22.717277 [info ] [MainThread]: Using profiles dir at /Users/tofag/.dbt
[0m21:20:22.717471 [info ] [MainThread]: Using profiles.yml file at /Users/tofag/.dbt/profiles.yml
[0m21:20:22.717570 [info ] [MainThread]: Using dbt_project.yml file at /Users/tofag/Documents/Documents/Projects/Real_Time_Retail_Intelligence/retail-data-platform/dbt_project.yml
[0m21:20:22.717888 [info ] [MainThread]: adapter type: athena
[0m21:20:22.717981 [info ] [MainThread]: adapter version: 1.11.0
[0m21:20:22.718067 [info ] [MainThread]: Configuration:
[0m21:20:22.718146 [info ] [MainThread]:   profiles.yml file [[32mOK found and valid[0m]
[0m21:20:22.718222 [info ] [MainThread]:   dbt_project.yml file [[31mERROR not found[0m]
[0m21:20:22.718297 [info ] [MainThread]: Required dependencies:
[0m21:20:22.718394 [debug] [MainThread]: Executing "git --help"
[0m21:20:22.736399 [debug] [MainThread]: STDOUT: "b"usage: git [-v | --version] [-h | --help] [-C <path>] [-c <name>=<value>]\n           [--exec-path[=<path>]] [--html-path] [--man-path] [--info-path]\n           [-p | --paginate | -P | --no-pager] [--no-replace-objects] [--no-lazy-fetch]\n           [--no-optional-locks] [--no-advice] [--bare] [--git-dir=<path>]\n           [--work-tree=<path>] [--namespace=<name>] [--config-env=<name>=<envvar>]\n           <command> [<args>]\n\nThese are common Git commands used in various situations:\n\nstart a working area (see also: git help tutorial)\n   clone      Clone a repository into a new directory\n   init       Create an empty Git repository or reinitialize an existing one\n\nwork on the current change (see also: git help everyday)\n   add        Add file contents to the index\n   mv         Move or rename a file, a directory, or a symlink\n   restore    Restore working tree files\n   rm         Remove files from the working tree and from the index\n\nexamine the history and state (see also: git help revisions)\n   bisect     Use binary search to find the commit that introduced a bug\n   diff       Show changes between commits, commit and working tree, etc\n   grep       Print lines matching a pattern\n   log        Show commit logs\n   show       Show various types of objects\n   status     Show the working tree status\n\ngrow, mark and tweak your common history\n   backfill   Download missing objects in a partial clone\n   branch     List, create, or delete branches\n   commit     Record changes to the repository\n   merge      Join two or more development histories together\n   rebase     Reapply commits on top of another base tip\n   reset      Reset current HEAD to the specified state\n   switch     Switch branches\n   tag        Create, list, delete or verify a tag object signed with GPG\n\ncollaborate (see also: git help workflows)\n   fetch      Download objects and refs from another repository\n   pull       Fetch from and integrate with another repository or a local branch\n   push       Update remote refs along with associated objects\n\n'git help -a' and 'git help -g' list available subcommands and some\nconcept guides. See 'git help <command>' or 'git help <concept>'\nto read about a specific subcommand or concept.\nSee 'git help git' for an overview of the system.\n""
[0m21:20:22.736752 [debug] [MainThread]: STDERR: "b''"
[0m21:20:22.736882 [info ] [MainThread]:  - git [[32mOK found[0m]

[0m21:20:22.736997 [info ] [MainThread]: Connection:
[0m21:20:22.737137 [info ] [MainThread]:   assume_role_arn: None
[0m21:20:22.737224 [info ] [MainThread]:   assume_role_duration_seconds: 3600
[0m21:20:22.737303 [info ] [MainThread]:   assume_role_external_id: None
[0m21:20:22.737379 [info ] [MainThread]:   assume_role_session_name: dbt-athena
[0m21:20:22.737458 [info ] [MainThread]:   aws_access_key_id: None
[0m21:20:22.737534 [info ] [MainThread]:   aws_profile_name: None
[0m21:20:22.737606 [info ] [MainThread]:   connection_manager: api
[0m21:20:22.737681 [info ] [MainThread]:   database: awsdatacatalog
[0m21:20:22.737756 [info ] [MainThread]:   debug_query_state: False
[0m21:20:22.737827 [info ] [MainThread]:   endpoint_url: None
[0m21:20:22.737901 [info ] [MainThread]:   lf_tags_database: None
[0m21:20:22.737970 [info ] [MainThread]:   num_boto3_retries: None
[0m21:20:22.738042 [info ] [MainThread]:   num_iceberg_retries: 3
[0m21:20:22.738116 [info ] [MainThread]:   num_retries: 5
[0m21:20:22.738199 [info ] [MainThread]:   poll_interval: 1.0
[0m21:20:22.738271 [info ] [MainThread]:   region_name: us-east-1
[0m21:20:22.738341 [info ] [MainThread]:   s3_data_dir: s3://retail-platform-dev-data-lake-964291633100/dbt/
[0m21:20:22.738412 [info ] [MainThread]:   s3_data_naming: schema_table_unique
[0m21:20:22.738483 [info ] [MainThread]:   s3_staging_dir: s3://retail-platform-dev-data-lake-964291633100/athena-results/
[0m21:20:22.738555 [info ] [MainThread]:   s3_tmp_table_dir: None
[0m21:20:22.738626 [info ] [MainThread]:   schema: retail_platform_dev_analytics
[0m21:20:22.738697 [info ] [MainThread]:   seed_s3_upload_args: None
[0m21:20:22.738768 [info ] [MainThread]:   skip_workgroup_check: False
[0m21:20:22.738837 [info ] [MainThread]:   spark_work_group: None
[0m21:20:22.738908 [info ] [MainThread]:   work_group: primary
[0m21:20:22.739127 [info ] [MainThread]: Registered adapter: athena=1.11.0
[0m21:20:22.785117 [debug] [MainThread]: Acquiring new athena connection 'debug'
[0m21:20:22.785404 [debug] [MainThread]: Using athena connection "debug"
[0m21:20:22.785497 [debug] [MainThread]: On debug: select 1 as id
[0m21:20:22.785576 [debug] [MainThread]: Opening a new connection, currently in state init
[0m21:20:26.281205 [debug] [MainThread]: dbt.adapters.athena.constants adapter: Execute: select 1 as id
[0m21:20:27.545112 [debug] [MainThread]: dbt.adapters.athena.constants adapter: Athena query 55a68f93-bcc4-43e9-a662-e1534ffea922 started
[0m21:20:28.008673 [debug] [MainThread]: dbt.adapters.athena.constants adapter: Athena query 55a68f93-bcc4-43e9-a662-e1534ffea922 has state SUCCEEDED
[0m21:20:28.644959 [debug] [MainThread]: SQL status: OK 0 in 5.859 seconds
[0m21:20:28.647511 [debug] [MainThread]: On debug: No close available on handle
[0m21:20:28.648171 [info ] [MainThread]:   Connection test: [[32mOK connection ok[0m]

[0m21:20:28.648701 [info ] [MainThread]: [31m1 check failed:[0m
[0m21:20:28.648909 [info ] [MainThread]: Project loading failed for the following reason:
 project path </Users/tofag/Documents/Documents/Projects/Real_Time_Retail_Intelligence/retail-data-platform/dbt_project.yml> not found

[0m21:20:28.656058 [debug] [MainThread]: Resource report: {"command_name": "debug", "command_success": false, "command_wall_clock_time": 6.1365895, "process_in_blocks": "0", "process_kernel_time": 0.171425, "process_mem_max_rss": "167985152", "process_out_blocks": "0", "process_user_time": 0.649015}
[0m21:20:28.656817 [debug] [MainThread]: Command `dbt debug` failed at 21:20:28.656568 after 6.14 seconds
[0m21:20:28.657452 [debug] [MainThread]: Connection 'debug' was properly closed.
[0m21:20:28.659113 [debug] [MainThread]: Sending event: {'category': 'dbt', 'action': 'invocation', 'label': 'end', 'context': [<snowplow_tracker.self_describing_json.SelfDescribingJson object at 0x110a01f10>, <snowplow_tracker.self_describing_json.SelfDescribingJson object at 0x1123e5dd0>, <snowplow_tracker.self_describing_json.SelfDescribingJson object at 0x11266f750>]}
[0m21:20:28.659530 [debug] [MainThread]: Flushing usage events
[0m21:20:35.359283 [debug] [MainThread]: An error was encountered while trying to flush usage events
